Archive member included to satisfy reference by file (symbol)

c:/st/stm32cubeide_1.12.1/stm32cubeide/plugins/com.st.stm32cube.ide.mcu.externaltools.gnu-tools-for-stm32.10.3-2021.10.win32_1.0.200.202301161003/tools/bin/../lib/gcc/arm-none-eabi/10.3.1/../../../../arm-none-eabi/lib/thumb/v7-m/nofp\libc_nano.a(lib_a-errno.o)
                              ./Core/Src/syscalls.o (__errno)
c:/st/stm32cubeide_1.12.1/stm32cubeide/plugins/com.st.stm32cube.ide.mcu.externaltools.gnu-tools-for-stm32.10.3-2021.10.win32_1.0.200.202301161003/tools/bin/../lib/gcc/arm-none-eabi/10.3.1/../../../../arm-none-eabi/lib/thumb/v7-m/nofp\libc_nano.a(lib_a-exit.o)
                              c:/st/stm32cubeide_1.12.1/stm32cubeide/plugins/com.st.stm32cube.ide.mcu.externaltools.gnu-tools-for-stm32.10.3-2021.10.win32_1.0.200.202301161003/tools/bin/../lib/gcc/arm-none-eabi/10.3.1/../../../../arm-none-eabi/lib/thumb/v7-m/nofp/crt0.o (exit)
c:/st/stm32cubeide_1.12.1/stm32cubeide/plugins/com.st.stm32cube.ide.mcu.externaltools.gnu-tools-for-stm32.10.3-2021.10.win32_1.0.200.202301161003/tools/bin/../lib/gcc/arm-none-eabi/10.3.1/../../../../arm-none-eabi/lib/thumb/v7-m/nofp\libc_nano.a(lib_a-impure.o)
                              c:/st/stm32cubeide_1.12.1/stm32cubeide/plugins/com.st.stm32cube.ide.mcu.externaltools.gnu-tools-for-stm32.10.3-2021.10.win32_1.0.200.202301161003/tools/bin/../lib/gcc/arm-none-eabi/10.3.1/../../../../arm-none-eabi/lib/thumb/v7-m/nofp\libc_nano.a(lib_a-exit.o) (_global_impure_ptr)
c:/st/stm32cubeide_1.12.1/stm32cubeide/plugins/com.st.stm32cube.ide.mcu.externaltools.gnu-tools-for-stm32.10.3-2021.10.win32_1.0.200.202301161003/tools/bin/../lib/gcc/arm-none-eabi/10.3.1/../../../../arm-none-eabi/lib/thumb/v7-m/nofp\libc_nano.a(lib_a-init.o)
                              c:/st/stm32cubeide_1.12.1/stm32cubeide/plugins/com.st.stm32cube.ide.mcu.externaltools.gnu-tools-for-stm32.10.3-2021.10.win32_1.0.200.202301161003/tools/bin/../lib/gcc/arm-none-eabi/10.3.1/../../../../arm-none-eabi/lib/thumb/v7-m/nofp/crt0.o (__libc_init_array)
c:/st/stm32cubeide_1.12.1/stm32cubeide/plugins/com.st.stm32cube.ide.mcu.externaltools.gnu-tools-for-stm32.10.3-2021.10.win32_1.0.200.202301161003/tools/bin/../lib/gcc/arm-none-eabi/10.3.1/../../../../arm-none-eabi/lib/thumb/v7-m/nofp\libc_nano.a(lib_a-memset.o)
                              c:/st/stm32cubeide_1.12.1/stm32cubeide/plugins/com.st.stm32cube.ide.mcu.externaltools.gnu-tools-for-stm32.10.3-2021.10.win32_1.0.200.202301161003/tools/bin/../lib/gcc/arm-none-eabi/10.3.1/../../../../arm-none-eabi/lib/thumb/v7-m/nofp/crt0.o (memset)
c:/st/stm32cubeide_1.12.1/stm32cubeide/plugins/com.st.stm32cube.ide.mcu.externaltools.gnu-tools-for-stm32.10.3-2021.10.win32_1.0.200.202301161003/tools/bin/../lib/gcc/arm-none-eabi/10.3.1/../../../../arm-none-eabi/lib/thumb/v7-m/nofp\libc_nano.a(lib_a-strlen.o)
                              ./Core/Src/LCD_def.o (strlen)
c:/st/stm32cubeide_1.12.1/stm32cubeide/plugins/com.st.stm32cube.ide.mcu.externaltools.gnu-tools-for-stm32.10.3-2021.10.win32_1.0.200.202301161003/tools/bin/../lib/gcc/arm-none-eabi/10.3.1/thumb/v7-m/nofp\libgcc.a(_arm_mulsf3.o)
                              ./Core/Src/LCD_def.o (__aeabi_fmul)
c:/st/stm32cubeide_1.12.1/stm32cubeide/plugins/com.st.stm32cube.ide.mcu.externaltools.gnu-tools-for-stm32.10.3-2021.10.win32_1.0.200.202301161003/tools/bin/../lib/gcc/arm-none-eabi/10.3.1/thumb/v7-m/nofp\libgcc.a(_arm_addsubsf3.o)
                              ./Core/Src/LCD_def.o (__aeabi_fsub)
c:/st/stm32cubeide_1.12.1/stm32cubeide/plugins/com.st.stm32cube.ide.mcu.externaltools.gnu-tools-for-stm32.10.3-2021.10.win32_1.0.200.202301161003/tools/bin/../lib/gcc/arm-none-eabi/10.3.1/thumb/v7-m/nofp\libgcc.a(_arm_muldivsf3.o)
                              ./Core/Src/LCD_def.o (__aeabi_fdiv)
c:/st/stm32cubeide_1.12.1/stm32cubeide/plugins/com.st.stm32cube.ide.mcu.externaltools.gnu-tools-for-stm32.10.3-2021.10.win32_1.0.200.202301161003/tools/bin/../lib/gcc/arm-none-eabi/10.3.1/thumb/v7-m/nofp\libgcc.a(_arm_fixsfsi.o)
                              ./Core/Src/LCD_def.o (__aeabi_f2iz)

Discarded input sections

 .text          0x0000000000000000        0x0 c:/st/stm32cubeide_1.12.1/stm32cubeide/plugins/com.st.stm32cube.ide.mcu.externaltools.gnu-tools-for-stm32.10.3-2021.10.win32_1.0.200.202301161003/tools/bin/../lib/gcc/arm-none-eabi/10.3.1/thumb/v7-m/nofp/crti.o
 .data          0x0000000000000000        0x0 c:/st/stm32cubeide_1.12.1/stm32cubeide/plugins/com.st.stm32cube.ide.mcu.externaltools.gnu-tools-for-stm32.10.3-2021.10.win32_1.0.200.202301161003/tools/bin/../lib/gcc/arm-none-eabi/10.3.1/thumb/v7-m/nofp/crti.o
 .bss           0x0000000000000000        0x0 c:/st/stm32cubeide_1.12.1/stm32cubeide/plugins/com.st.stm32cube.ide.mcu.externaltools.gnu-tools-for-stm32.10.3-2021.10.win32_1.0.200.202301161003/tools/bin/../lib/gcc/arm-none-eabi/10.3.1/thumb/v7-m/nofp/crti.o
[...]
Memory Configuration

Name             Origin             Length             Attributes
RAM              0x0000000020000000 0x0000000000002800 xrw
FLASH            0x0000000008000000 0x0000000000008000 xr
*default*        0x0000000000000000 0xffffffffffffffff

Linker script and memory map

LOAD c:/st/stm32cubeide_1.12.1/stm32cubeide/plugins/com.st.stm32cube.ide.mcu.externaltools.gnu-tools-for-stm32.10.3-2021.10.win32_1.0.200.202301161003/tools/bin/../lib/gcc/arm-none-eabi/10.3.1/thumb/v7-m/nofp/crti.o
LOAD c:/st/stm32cubeide_1.12.1/stm32cubeide/plugins/com.st.stm32cube.ide.mcu.externaltools.gnu-tools-for-stm32.10.3-2021.10.win32_1.0.200.202301161003/tools/bin/../lib/gcc/arm-none-eabi/10.3.1/thumb/v7-m/nofp/crtbegin.o
LOAD c:/st/stm32cubeide_1.12.1/stm32cubeide/plugins/com.st.stm32cube.ide.mcu.externaltools.gnu-tools-for-stm32.10.3-2021.10.win32_1.0.200.202301161003/tools/bin/../lib/gcc/arm-none-eabi/10.3.1/../../../../arm-none-eabi/lib/thumb/v7-m/nofp/crt0.o
LOAD ./Core/Src/LCD_def.o
LOAD ./Core/Src/Printer_Def.o
LOAD ./Core/Src/adc.o
LOAD ./Core/Src/gpio.o
LOAD ./Core/Src/i2c.o
LOAD ./Core/Src/main.o
LOAD ./Core/Src/stm32f1xx_hal_msp.o
LOAD ./Core/Src/stm32f1xx_it.o
LOAD ./Core/Src/syscalls.o
LOAD ./Core/Src/sysmem.o
LOAD ./Core/Src/system_stm32f1xx.o
LOAD ./Core/Src/usart.o
LOAD ./Core/Startup/startup_stm32f103c6tx.o
LOAD ./Drivers/STM32F1xx_HAL_Driver/Src/stm32f1xx_hal.o
LOAD ./Drivers/STM32F1xx_HAL_Driver/Src/stm32f1xx_hal_adc.o
LOAD ./Drivers/STM32F1xx_HAL_Driver/Src/stm32f1xx_hal_adc_ex.o
LOAD ./Drivers/STM32F1xx_HAL_Driver/Src/stm32f1xx_hal_cortex.o
LOAD ./Drivers/STM32F1xx_HAL_Driver/Src/stm32f1xx_hal_dma.o
LOAD ./Drivers/STM32F1xx_HAL_Driver/Src/stm32f1xx_hal_exti.o
LOAD ./Drivers/STM32F1xx_HAL_Driver/Src/stm32f1xx_hal_flash.o
LOAD ./Drivers/STM32F1xx_HAL_Driver/Src/stm32f1xx_hal_flash_ex.o
LOAD ./Drivers/STM32F1xx_HAL_Driver/Src/stm32f1xx_hal_gpio.o
LOAD ./Drivers/STM32F1xx_HAL_Driver/Src/stm32f1xx_hal_gpio_ex.o
LOAD ./Drivers/STM32F1xx_HAL_Driver/Src/stm32f1xx_hal_i2c.o
LOAD ./Drivers/STM32F1xx_HAL_Driver/Src/stm32f1xx_hal_pwr.o
LOAD ./Drivers/STM32F1xx_HAL_Driver/Src/stm32f1xx_hal_rcc.o
LOAD ./Drivers/STM32F1xx_HAL_Driver/Src/stm32f1xx_hal_rcc_ex.o
LOAD ./Drivers/STM32F1xx_HAL_Driver/Src/stm32f1xx_hal_tim.o
LOAD ./Drivers/STM32F1xx_HAL_Driver/Src/stm32f1xx_hal_tim_ex.o
LOAD ./Drivers/STM32F1xx_HAL_Driver/Src/stm32f1xx_hal_uart.o
START GROUP
LOAD c:/st/stm32cubeide_1.12.1/stm32cubeide/plugins/com.st.stm32cube.ide.mcu.externaltools.gnu-tools-for-stm32.10.3-2021.10.win32_1.0.200.202301161003/tools/bin/../lib/gcc/arm-none-eabi/10.3.1/../../../../arm-none-eabi/lib/thumb/v7-m/nofp\libc_nano.a
LOAD c:/st/stm32cubeide_1.12.1/stm32cubeide/plugins/com.st.stm32cube.ide.mcu.externaltools.gnu-tools-for-stm32.10.3-2021.10.win32_1.0.200.202301161003/tools/bin/../lib/gcc/arm-none-eabi/10.3.1/../../../../arm-none-eabi/lib/thumb/v7-m/nofp\libm.a
END GROUP
START GROUP
LOAD c:/st/stm32cubeide_1.12.1/stm32cubeide/plugins/com.st.stm32cube.ide.mcu.externaltools.gnu-tools-for-stm32.10.3-2021.10.win32_1.0.200.202301161003/tools/bin/../lib/gcc/arm-none-eabi/10.3.1/thumb/v7-m/nofp\libgcc.a
LOAD c:/st/stm32cubeide_1.12.1/stm32cubeide/plugins/com.st.stm32cube.ide.mcu.externaltools.gnu-tools-for-stm32.10.3-2021.10.win32_1.0.200.202301161003/tools/bin/../lib/gcc/arm-none-eabi/10.3.1/../../../../arm-none-eabi/lib/thumb/v7-m/nofp\libc_nano.a
END GROUP
START GROUP
LOAD c:/st/stm32cubeide_1.12.1/stm32cubeide/plugins/com.st.stm32cube.ide.mcu.externaltools.gnu-tools-for-stm32.10.3-2021.10.win32_1.0.200.202301161003/tools/bin/../lib/gcc/arm-none-eabi/10.3.1/thumb/v7-m/nofp\libgcc.a
LOAD c:/st/stm32cubeide_1.12.1/stm32cubeide/plugins/com.st.stm32cube.ide.mcu.externaltools.gnu-tools-for-stm32.10.3-2021.10.win32_1.0.200.202301161003/tools/bin/../lib/gcc/arm-none-eabi/10.3.1/../../../../arm-none-eabi/lib/thumb/v7-m/nofp\libc_nano.a
LOAD c:/st/stm32cubeide_1.12.1/stm32cubeide/plugins/com.st.stm32cube.ide.mcu.externaltools.gnu-tools-for-stm32.10.3-2021.10.win32_1.0.200.202301161003/tools/bin/../lib/gcc/arm-none-eabi/10.3.1/../../../../arm-none-eabi/lib/thumb/v7-m/nofp\libnosys.a
END GROUP
START GROUP
LOAD c:/st/stm32cubeide_1.12.1/stm32cubeide/plugins/com.st.stm32cube.ide.mcu.externaltools.gnu-tools-for-stm32.10.3-2021.10.win32_1.0.200.202301161003/tools/bin/../lib/gcc/arm-none-eabi/10.3.1/thumb/v7-m/nofp\libgcc.a
LOAD c:/st/stm32cubeide_1.12.1/stm32cubeide/plugins/com.st.stm32cube.ide.mcu.externaltools.gnu-tools-for-stm32.10.3-2021.10.win32_1.0.200.202301161003/tools/bin/../lib/gcc/arm-none-eabi/10.3.1/../../../../arm-none-eabi/lib/thumb/v7-m/nofp\libc_nano.a
LOAD c:/st/stm32cubeide_1.12.1/stm32cubeide/plugins/com.st.stm32cube.ide.mcu.externaltools.gnu-tools-for-stm32.10.3-2021.10.win32_1.0.200.202301161003/tools/bin/../lib/gcc/arm-none-eabi/10.3.1/../../../../arm-none-eabi/lib/thumb/v7-m/nofp\libnosys.a
END GROUP
LOAD c:/st/stm32cubeide_1.12.1/stm32cubeide/plugins/com.st.stm32cube.ide.mcu.externaltools.gnu-tools-for-stm32.10.3-2021.10.win32_1.0.200.202301161003/tools/bin/../lib/gcc/arm-none-eabi/10.3.1/thumb/v7-m/nofp/crtend.o
LOAD c:/st/stm32cubeide_1.12.1/stm32cubeide/plugins/com.st.stm32cube.ide.mcu.externaltools.gnu-tools-for-stm32.10.3-2021.10.win32_1.0.200.202301161003/tools/bin/../lib/gcc/arm-none-eabi/10.3.1/thumb/v7-m/nofp/crtn.o
                0x0000000020002800                _estack = (ORIGIN (RAM) + LENGTH (RAM))
                0x0000000000000200                _Min_Heap_Size = 0x200
                0x0000000000000400                _Min_Stack_Size = 0x400

.isr_vector     0x0000000008000000      0x10c
                0x0000000008000000                . = ALIGN (0x4)
 *(.isr_vector)
 .isr_vector    0x0000000008000000      0x10c ./Core/Startup/startup_stm32f103c6tx.o
                0x0000000008000000                g_pfnVectors
                0x000000000800010c                . = ALIGN (0x4)

.text           0x000000000800010c     0x43a0
                0x000000000800010c                . = ALIGN (0x4)
 *(.text)
 .text          0x000000000800010c       0x40 c:/st/stm32cubeide_1.12.1/stm32cubeide/plugins/com.st.stm32cube.ide.mcu.externaltools.gnu-tools-for-stm32.10.3-2021.10.win32_1.0.200.202301161003/tools/bin/../lib/gcc/arm-none-eabi/10.3.1/thumb/v7-m/nofp/crtbegin.o
 .text          0x000000000800014c       0x10 c:/st/stm32cubeide_1.12.1/stm32cubeide/plugins/com.st.stm32cube.ide.mcu.externaltools.gnu-tools-for-stm32.10.3-2021.10.win32_1.0.200.202301161003/tools/bin/../lib/gcc/arm-none-eabi/10.3.1/../../../../arm-none-eabi/lib/thumb/v7-m/nofp\libc_nano.a(lib_a-strlen.o)
                0x000000000800014c                strlen
 .text          0x000000000800015c      0x21c c:/st/stm32cubeide_1.12.1/stm32cubeide/plugins/com.st.stm32cube.ide.mcu.externaltools.gnu-tools-for-stm32.10.3-2021.10.win32_1.0.200.202301161003/tools/bin/../lib/gcc/arm-none-eabi/10.3.1/thumb/v7-m/nofp\libgcc.a(_arm_addsubsf3.o)
                0x000000000800015c                __aeabi_frsub
                0x0000000008000164                __subsf3
                0x0000000008000164                __aeabi_fsub
                0x0000000008000168                __aeabi_fadd
                0x0000000008000168                __addsf3
                0x00000000080002c8                __aeabi_ui2f
                0x00000000080002c8                __floatunsisf
                0x00000000080002d0                __aeabi_i2f
                0x00000000080002d0                __floatsisf
                0x00000000080002ec                __aeabi_ul2f
                0x00000000080002ec                __floatundisf
                0x00000000080002fc                __aeabi_l2f
                0x00000000080002fc                __floatdisf
 .text          0x0000000008000378      0x2a0 c:/st/stm32cubeide_1.12.1/stm32cubeide/plugins/com.st.stm32cube.ide.mcu.externaltools.gnu-tools-for-stm32.10.3-2021.10.win32_1.0.200.202301161003/tools/bin/../lib/gcc/arm-none-eabi/10.3.1/thumb/v7-m/nofp\libgcc.a(_arm_muldivsf3.o)
                0x0000000008000378                __mulsf3
                0x0000000008000378                __aeabi_fmul
                0x00000000080004e0                __aeabi_fdiv
                0x00000000080004e0                __divsf3
 .text          0x0000000008000618       0x4c c:/st/stm32cubeide_1.12.1/stm32cubeide/plugins/com.st.stm32cube.ide.mcu.externaltools.gnu-tools-for-stm32.10.3-2021.10.win32_1.0.200.202301161003/tools/bin/../lib/gcc/arm-none-eabi/10.3.1/thumb/v7-m/nofp\libgcc.a(_arm_fixsfsi.o)
                0x0000000008000618                __aeabi_f2iz
                0x0000000008000618                __fixsfsi
 *(.text*)
 .text.Glcd     0x0000000008000664       0xf8 ./Core/Src/LCD_def.o
                0x0000000008000664                Glcd
 .text.LCD_Init
                0x000000000800075c       0x10 ./Core/Src/LCD_def.o
                0x000000000800075c                LCD_Init
 .text.Clear    0x000000000800076c       0x70 ./Core/Src/LCD_def.o
                0x000000000800076c                Clear
 .text.SetCursor
                0x00000000080007dc       0x8c ./Core/Src/LCD_def.o
                0x00000000080007dc                SetCursor
 .text.loop     0x0000000008000868      0x168 ./Core/Src/LCD_def.o
                0x0000000008000868                loop
 .text.Print    0x00000000080009d0      0x158 ./Core/Src/LCD_def.o
                0x00000000080009d0                Print
 .text.Power    0x0000000008000b28       0x32 ./Core/Src/LCD_def.o
                0x0000000008000b28                Power
 *fill*         0x0000000008000b5a        0x2 
 .text.Number   0x0000000008000b5c      0x170 ./Core/Src/LCD_def.o
                0x0000000008000b5c                Number
 .text.Move     0x0000000008000ccc       0xc8 ./Core/Src/LCD_def.o
                0x0000000008000ccc                Move
 .text.Cursor   0x0000000008000d94       0x68 ./Core/Src/LCD_def.o
                0x0000000008000d94                Cursor
 .text.lot      0x0000000008000dfc      0x2d8 ./Core/Src/LCD_def.o
                0x0000000008000dfc                lot
 .text.Name     0x00000000080010d4      0x2b0 ./Core/Src/LCD_def.o
                0x00000000080010d4                Name
 .text.Blink    0x0000000008001384       0x88 ./Core/Src/LCD_def.o
                0x0000000008001384                Blink
 .text.Result   0x000000000800140c      0x134 ./Core/Src/LCD_def.o
                0x000000000800140c                Result
 .text.printer  0x0000000008001540      0x144 ./Core/Src/LCD_def.o
                0x0000000008001540                printer
 .text.Password
                0x0000000008001684      0x3d4 ./Core/Src/LCD_def.o
                0x0000000008001684                Password
 .text.start_up
                0x0000000008001a58      0x46c ./Core/Src/LCD_def.o
                0x0000000008001a58                start_up
 .text.Delete   0x0000000008001ec4       0x6c ./Core/Src/LCD_def.o
                0x0000000008001ec4                Delete
 .text.Blank    0x0000000008001f30       0xac ./Core/Src/LCD_def.o
                0x0000000008001f30                Blank
 .text.Test_Mode
                0x0000000008001fdc       0x58 ./Core/Src/LCD_def.o
                0x0000000008001fdc                Test_Mode
 .text.Mic_conversition
                0x0000000008002034       0x94 ./Core/Src/LCD_def.o
                0x0000000008002034                Mic_conversition
 .text.Conversition
                0x00000000080020c8      0x148 ./Core/Src/LCD_def.o
                0x00000000080020c8                Conversition
 .text.Heading  0x0000000008002210       0x30 ./Core/Src/Printer_Def.o
                0x0000000008002210                Heading
 .text.string   0x0000000008002240       0x28 ./Core/Src/Printer_Def.o
                0x0000000008002240                string
 .text.MX_ADC1_Init
                0x0000000008002268       0x7c ./Core/Src/adc.o
                0x0000000008002268                MX_ADC1_Init
 .text.HAL_ADC_MspInit
                0x00000000080022e4       0x78 ./Core/Src/adc.o
                0x00000000080022e4                HAL_ADC_MspInit
 .text.MX_GPIO_Init
                0x000000000800235c      0x11c ./Core/Src/gpio.o
                0x000000000800235c                MX_GPIO_Init
 .text.main     0x0000000008002478       0x2c ./Core/Src/main.o
                0x0000000008002478                main
 .text.SystemClock_Config
                0x00000000080024a4       0x8a ./Core/Src/main.o
                0x00000000080024a4                SystemClock_Config
 .text.Error_Handler
                0x000000000800252e        0xa ./Core/Src/main.o
                0x000000000800252e                Error_Handler
 .text.HAL_MspInit
                0x0000000008002538       0x64 ./Core/Src/stm32f1xx_hal_msp.o
                0x0000000008002538                HAL_MspInit
 .text.NMI_Handler
                0x000000000800259c        0x6 ./Core/Src/stm32f1xx_it.o
                0x000000000800259c                NMI_Handler
 .text.HardFault_Handler
                0x00000000080025a2        0x6 ./Core/Src/stm32f1xx_it.o
                0x00000000080025a2                HardFault_Handler
 .text.MemManage_Handler
                0x00000000080025a8        0x6 ./Core/Src/stm32f1xx_it.o
                0x00000000080025a8                MemManage_Handler
 .text.BusFault_Handler
                0x00000000080025ae        0x6 ./Core/Src/stm32f1xx_it.o
                0x00000000080025ae                BusFault_Handler
 .text.UsageFault_Handler
                0x00000000080025b4        0x6 ./Core/Src/stm32f1xx_it.o
                0x00000000080025b4                UsageFault_Handler
 .text.SVC_Handler
                0x00000000080025ba        0xc ./Core/Src/stm32f1xx_it.o
                0x00000000080025ba                SVC_Handler
 .text.DebugMon_Handler
                0x00000000080025c6        0xc ./Core/Src/stm32f1xx_it.o
                0x00000000080025c6                DebugMon_Handler
 .text.PendSV_Handler
                0x00000000080025d2        0xc ./Core/Src/stm32f1xx_it.o
                0x00000000080025d2                PendSV_Handler
 .text.SysTick_Handler
                0x00000000080025de        0xc ./Core/Src/stm32f1xx_it.o
                0x00000000080025de                SysTick_Handler
 .text.SystemInit
                0x00000000080025ea        0xc ./Core/Src/system_stm32f1xx.o
                0x00000000080025ea                SystemInit
 *fill*         0x00000000080025f6        0x2 
 .text.MX_USART1_UART_Init
                0x00000000080025f8       0x54 ./Core/Src/usart.o
                0x00000000080025f8                MX_USART1_UART_Init
 .text.HAL_UART_MspInit
                0x000000000800264c       0x98 ./Core/Src/usart.o
                0x000000000800264c                HAL_UART_MspInit
 .text.Reset_Handler
                0x00000000080026e4       0x48 ./Core/Startup/startup_stm32f103c6tx.o
                0x00000000080026e4                Reset_Handler
 .text.Default_Handler
                0x000000000800272c        0x2 ./Core/Startup/startup_stm32f103c6tx.o
                0x000000000800272c                RTC_Alarm_IRQHandler
                0x000000000800272c                EXTI2_IRQHandler
                0x000000000800272c                TIM1_CC_IRQHandler
                0x000000000800272c                PVD_IRQHandler
                0x000000000800272c                EXTI3_IRQHandler
                0x000000000800272c                EXTI0_IRQHandler
                0x000000000800272c                ADC1_2_IRQHandler
                0x000000000800272c                SPI1_IRQHandler
                0x000000000800272c                TAMPER_IRQHandler
                0x000000000800272c                DMA1_Channel4_IRQHandler
                0x000000000800272c                RTC_IRQHandler
                0x000000000800272c                DMA1_Channel7_IRQHandler
                0x000000000800272c                CAN1_RX1_IRQHandler
                0x000000000800272c                I2C1_EV_IRQHandler
                0x000000000800272c                DMA1_Channel6_IRQHandler
                0x000000000800272c                TIM3_IRQHandler
                0x000000000800272c                RCC_IRQHandler
                0x000000000800272c                TIM1_TRG_COM_IRQHandler
                0x000000000800272c                DMA1_Channel1_IRQHandler
                0x000000000800272c                Default_Handler
                0x000000000800272c                EXTI15_10_IRQHandler
                0x000000000800272c                EXTI9_5_IRQHandler
                0x000000000800272c                DMA1_Channel5_IRQHandler
                0x000000000800272c                EXTI4_IRQHandler
                0x000000000800272c                USB_LP_CAN1_RX0_IRQHandler
                0x000000000800272c                USB_HP_CAN1_TX_IRQHandler
                0x000000000800272c                DMA1_Channel3_IRQHandler
                0x000000000800272c                TIM1_UP_IRQHandler
                0x000000000800272c                WWDG_IRQHandler
                0x000000000800272c                TIM2_IRQHandler
                0x000000000800272c                TIM1_BRK_IRQHandler
                0x000000000800272c                EXTI1_IRQHandler
                0x000000000800272c                USART2_IRQHandler
                0x000000000800272c                DMA1_Channel2_IRQHandler
                0x000000000800272c                CAN1_SCE_IRQHandler
                0x000000000800272c                FLASH_IRQHandler
                0x000000000800272c                USART1_IRQHandler
                0x000000000800272c                I2C1_ER_IRQHandler
                0x000000000800272c                USBWakeUp_IRQHandler
 *fill*         0x000000000800272e        0x2 
 .text.HAL_Init
                0x0000000008002730       0x2c ./Drivers/STM32F1xx_HAL_Driver/Src/stm32f1xx_hal.o
                0x0000000008002730                HAL_Init
 .text.HAL_InitTick
                0x000000000800275c       0x60 ./Drivers/STM32F1xx_HAL_Driver/Src/stm32f1xx_hal.o
                0x000000000800275c                HAL_InitTick
 .text.HAL_IncTick
                0x00000000080027bc       0x24 ./Drivers/STM32F1xx_HAL_Driver/Src/stm32f1xx_hal.o
                0x00000000080027bc                HAL_IncTick
 .text.HAL_GetTick
                0x00000000080027e0       0x14 ./Drivers/STM32F1xx_HAL_Driver/Src/stm32f1xx_hal.o
                0x00000000080027e0                HAL_GetTick
 .text.HAL_Delay
                0x00000000080027f4       0x48 ./Drivers/STM32F1xx_HAL_Driver/Src/stm32f1xx_hal.o
                0x00000000080027f4                HAL_Delay
 .text.HAL_ADC_Init
                0x000000000800283c      0x1b0 ./Drivers/STM32F1xx_HAL_Driver/Src/stm32f1xx_hal_adc.o
                0x000000000800283c                HAL_ADC_Init
 .text.HAL_ADC_Start
                0x00000000080029ec      0x15c ./Drivers/STM32F1xx_HAL_Driver/Src/stm32f1xx_hal_adc.o
                0x00000000080029ec                HAL_ADC_Start
 .text.HAL_ADC_PollForConversion
                0x0000000008002b48      0x20c ./Drivers/STM32F1xx_HAL_Driver/Src/stm32f1xx_hal_adc.o
                0x0000000008002b48                HAL_ADC_PollForConversion
 .text.HAL_ADC_GetValue
                0x0000000008002d54       0x18 ./Drivers/STM32F1xx_HAL_Driver/Src/stm32f1xx_hal_adc.o
                0x0000000008002d54                HAL_ADC_GetValue
 .text.HAL_ADC_ConfigChannel
                0x0000000008002d6c      0x1f0 ./Drivers/STM32F1xx_HAL_Driver/Src/stm32f1xx_hal_adc.o
                0x0000000008002d6c                HAL_ADC_ConfigChannel
 .text.ADC_Enable
                0x0000000008002f5c       0xb4 ./Drivers/STM32F1xx_HAL_Driver/Src/stm32f1xx_hal_adc.o
                0x0000000008002f5c                ADC_Enable
 .text.ADC_ConversionStop_Disable
                0x0000000008003010       0x82 ./Drivers/STM32F1xx_HAL_Driver/Src/stm32f1xx_hal_adc.o
                0x0000000008003010                ADC_ConversionStop_Disable
 *fill*         0x0000000008003092        0x2 
 .text.HAL_ADCEx_Calibration_Start
                0x0000000008003094      0x15c ./Drivers/STM32F1xx_HAL_Driver/Src/stm32f1xx_hal_adc_ex.o
                0x0000000008003094                HAL_ADCEx_Calibration_Start
 .text.__NVIC_SetPriorityGrouping
                0x00000000080031f0       0x48 ./Drivers/STM32F1xx_HAL_Driver/Src/stm32f1xx_hal_cortex.o
 .text.__NVIC_GetPriorityGrouping
                0x0000000008003238       0x1c ./Drivers/STM32F1xx_HAL_Driver/Src/stm32f1xx_hal_cortex.o
 .text.__NVIC_SetPriority
                0x0000000008003254       0x54 ./Drivers/STM32F1xx_HAL_Driver/Src/stm32f1xx_hal_cortex.o
 .text.NVIC_EncodePriority
                0x00000000080032a8       0x64 ./Drivers/STM32F1xx_HAL_Driver/Src/stm32f1xx_hal_cortex.o
 .text.SysTick_Config
                0x000000000800330c       0x44 ./Drivers/STM32F1xx_HAL_Driver/Src/stm32f1xx_hal_cortex.o
 .text.HAL_NVIC_SetPriorityGrouping
                0x0000000008003350       0x16 ./Drivers/STM32F1xx_HAL_Driver/Src/stm32f1xx_hal_cortex.o
                0x0000000008003350                HAL_NVIC_SetPriorityGrouping
 .text.HAL_NVIC_SetPriority
                0x0000000008003366       0x38 ./Drivers/STM32F1xx_HAL_Driver/Src/stm32f1xx_hal_cortex.o
                0x0000000008003366                HAL_NVIC_SetPriority
 .text.HAL_SYSTICK_Config
                0x000000000800339e       0x18 ./Drivers/STM32F1xx_HAL_Driver/Src/stm32f1xx_hal_cortex.o
                0x000000000800339e                HAL_SYSTICK_Config
 *fill*         0x00000000080033b6        0x2 
 .text.HAL_GPIO_Init
                0x00000000080033b8      0x2f8 ./Drivers/STM32F1xx_HAL_Driver/Src/stm32f1xx_hal_gpio.o
                0x00000000080033b8                HAL_GPIO_Init
 .text.HAL_GPIO_ReadPin
                0x00000000080036b0       0x2e ./Drivers/STM32F1xx_HAL_Driver/Src/stm32f1xx_hal_gpio.o
                0x00000000080036b0                HAL_GPIO_ReadPin
 .text.HAL_GPIO_WritePin
                0x00000000080036de       0x30 ./Drivers/STM32F1xx_HAL_Driver/Src/stm32f1xx_hal_gpio.o
                0x00000000080036de                HAL_GPIO_WritePin
 *fill*         0x000000000800370e        0x2 
 .text.HAL_RCC_OscConfig
                0x0000000008003710      0x504 ./Drivers/STM32F1xx_HAL_Driver/Src/stm32f1xx_hal_rcc.o
                0x0000000008003710                HAL_RCC_OscConfig
 .text.HAL_RCC_ClockConfig
                0x0000000008003c14      0x1d4 ./Drivers/STM32F1xx_HAL_Driver/Src/stm32f1xx_hal_rcc.o
                0x0000000008003c14                HAL_RCC_ClockConfig
 .text.HAL_RCC_GetSysClockFreq
                0x0000000008003de8       0xa8 ./Drivers/STM32F1xx_HAL_Driver/Src/stm32f1xx_hal_rcc.o
                0x0000000008003de8                HAL_RCC_GetSysClockFreq
 .text.HAL_RCC_GetHCLKFreq
                0x0000000008003e90       0x14 ./Drivers/STM32F1xx_HAL_Driver/Src/stm32f1xx_hal_rcc.o
                0x0000000008003e90                HAL_RCC_GetHCLKFreq
 .text.HAL_RCC_GetPCLK1Freq
                0x0000000008003ea4       0x28 ./Drivers/STM32F1xx_HAL_Driver/Src/stm32f1xx_hal_rcc.o
                0x0000000008003ea4                HAL_RCC_GetPCLK1Freq
 .text.HAL_RCC_GetPCLK2Freq
                0x0000000008003ecc       0x28 ./Drivers/STM32F1xx_HAL_Driver/Src/stm32f1xx_hal_rcc.o
                0x0000000008003ecc                HAL_RCC_GetPCLK2Freq
 .text.RCC_Delay
                0x0000000008003ef4       0x3c ./Drivers/STM32F1xx_HAL_Driver/Src/stm32f1xx_hal_rcc.o
 .text.HAL_RCCEx_GetPeriphCLKFreq
                0x0000000008003f30      0x16c ./Drivers/STM32F1xx_HAL_Driver/Src/stm32f1xx_hal_rcc_ex.o
                0x0000000008003f30                HAL_RCCEx_GetPeriphCLKFreq
 .text.HAL_UART_Init
                0x000000000800409c       0xa0 ./Drivers/STM32F1xx_HAL_Driver/Src/stm32f1xx_hal_uart.o
                0x000000000800409c                HAL_UART_Init
 .text.HAL_UART_Transmit
                0x000000000800413c      0x106 ./Drivers/STM32F1xx_HAL_Driver/Src/stm32f1xx_hal_uart.o
                0x000000000800413c                HAL_UART_Transmit
 .text.UART_WaitOnFlagUntilTimeout
                0x0000000008004242       0xdc ./Drivers/STM32F1xx_HAL_Driver/Src/stm32f1xx_hal_uart.o
 *fill*         0x000000000800431e        0x2 
 .text.UART_SetConfig
                0x0000000008004320      0x11c ./Drivers/STM32F1xx_HAL_Driver/Src/stm32f1xx_hal_uart.o
 .text.__libc_init_array
                0x000000000800443c       0x48 c:/st/stm32cubeide_1.12.1/stm32cubeide/plugins/com.st.stm32cube.ide.mcu.externaltools.gnu-tools-for-stm32.10.3-2021.10.win32_1.0.200.202301161003/tools/bin/../lib/gcc/arm-none-eabi/10.3.1/../../../../arm-none-eabi/lib/thumb/v7-m/nofp\libc_nano.a(lib_a-init.o)
                0x000000000800443c                __libc_init_array
 .text.memset   0x0000000008004484       0x10 c:/st/stm32cubeide_1.12.1/stm32cubeide/plugins/com.st.stm32cube.ide.mcu.externaltools.gnu-tools-for-stm32.10.3-2021.10.win32_1.0.200.202301161003/tools/bin/../lib/gcc/arm-none-eabi/10.3.1/../../../../arm-none-eabi/lib/thumb/v7-m/nofp\libc_nano.a(lib_a-memset.o)
                0x0000000008004484                memset
 *(.glue_7)
 .glue_7        0x0000000008004494        0x0 linker stubs
 *(.glue_7t)
 .glue_7t       0x0000000008004494        0x0 linker stubs
 *(.eh_frame)
 .eh_frame      0x0000000008004494        0x0 c:/st/stm32cubeide_1.12.1/stm32cubeide/plugins/com.st.stm32cube.ide.mcu.externaltools.gnu-tools-for-stm32.10.3-2021.10.win32_1.0.200.202301161003/tools/bin/../lib/gcc/arm-none-eabi/10.3.1/thumb/v7-m/nofp/crtbegin.o
 *(.init)
 .init          0x0000000008004494        0x4 c:/st/stm32cubeide_1.12.1/stm32cubeide/plugins/com.st.stm32cube.ide.mcu.externaltools.gnu-tools-for-stm32.10.3-2021.10.win32_1.0.200.202301161003/tools/bin/../lib/gcc/arm-none-eabi/10.3.1/thumb/v7-m/nofp/crti.o
                0x0000000008004494                _init
 .init          0x0000000008004498        0x8 c:/st/stm32cubeide_1.12.1/stm32cubeide/plugins/com.st.stm32cube.ide.mcu.externaltools.gnu-tools-for-stm32.10.3-2021.10.win32_1.0.200.202301161003/tools/bin/../lib/gcc/arm-none-eabi/10.3.1/thumb/v7-m/nofp/crtn.o
 *(.fini)
 .fini          0x00000000080044a0        0x4 c:/st/stm32cubeide_1.12.1/stm32cubeide/plugins/com.st.stm32cube.ide.mcu.externaltools.gnu-tools-for-stm32.10.3-2021.10.win32_1.0.200.202301161003/tools/bin/../lib/gcc/arm-none-eabi/10.3.1/thumb/v7-m/nofp/crti.o
                0x00000000080044a0                _fini
 .fini          0x00000000080044a4        0x8 c:/st/stm32cubeide_1.12.1/stm32cubeide/plugins/com.st.stm32cube.ide.mcu.externaltools.gnu-tools-for-stm32.10.3-2021.10.win32_1.0.200.202301161003/tools/bin/../lib/gcc/arm-none-eabi/10.3.1/thumb/v7-m/nofp/crtn.o
                0x00000000080044ac                . = ALIGN (0x4)
                0x00000000080044ac                _etext = .

.vfp11_veneer   0x00000000080044ac        0x0
 .vfp11_veneer  0x00000000080044ac        0x0 linker stubs

.v4_bx          0x00000000080044ac        0x0
 .v4_bx         0x00000000080044ac        0x0 linker stubs

.iplt           0x00000000080044ac        0x0
 .iplt          0x00000000080044ac        0x0 c:/st/stm32cubeide_1.12.1/stm32cubeide/plugins/com.st.stm32cube.ide.mcu.externaltools.gnu-tools-for-stm32.10.3-2021.10.win32_1.0.200.202301161003/tools/bin/../lib/gcc/arm-none-eabi/10.3.1/thumb/v7-m/nofp/crtbegin.o

.rodata         0x00000000080044ac      0x460
                0x00000000080044ac                . = ALIGN (0x4)
 *(.rodata)
 .rodata        0x00000000080044ac      0x273 ./Core/Src/LCD_def.o
 *(.rodata*)
 *fill*         0x000000000800471f        0x1 
 .rodata.s_letter
                0x0000000008004720       0x9c ./Core/Src/LCD_def.o
                0x0000000008004720                s_letter
 .rodata.c_letter
                0x00000000080047bc       0x9c ./Core/Src/LCD_def.o
                0x00000000080047bc                c_letter
 .rodata.number
                0x0000000008004858       0x3c ./Core/Src/LCD_def.o
                0x0000000008004858                number
 .rodata.Symbol
                0x0000000008004894       0x36 ./Core/Src/LCD_def.o
                0x0000000008004894                Symbol
 *fill*         0x00000000080048ca        0x2 
 .rodata.AHBPrescTable
                0x00000000080048cc       0x10 ./Core/Src/system_stm32f1xx.o
                0x00000000080048cc                AHBPrescTable
 .rodata.APBPrescTable
                0x00000000080048dc        0x8 ./Core/Src/system_stm32f1xx.o
                0x00000000080048dc                APBPrescTable
 .rodata.aPLLMULFactorTable.1
                0x00000000080048e4       0x10 ./Drivers/STM32F1xx_HAL_Driver/Src/stm32f1xx_hal_rcc.o
 .rodata.aPredivFactorTable.0
                0x00000000080048f4        0x2 ./Drivers/STM32F1xx_HAL_Driver/Src/stm32f1xx_hal_rcc.o
 *fill*         0x00000000080048f6        0x2 
 .rodata.aPLLMULFactorTable.1
                0x00000000080048f8       0x10 ./Drivers/STM32F1xx_HAL_Driver/Src/stm32f1xx_hal_rcc_ex.o
 .rodata.aPredivFactorTable.0
                0x0000000008004908        0x2 ./Drivers/STM32F1xx_HAL_Driver/Src/stm32f1xx_hal_rcc_ex.o
                0x000000000800490c                . = ALIGN (0x4)
 *fill*         0x000000000800490a        0x2 

.rel.dyn        0x000000000800490c        0x0
 .rel.iplt      0x000000000800490c        0x0 c:/st/stm32cubeide_1.12.1/stm32cubeide/plugins/com.st.stm32cube.ide.mcu.externaltools.gnu-tools-for-stm32.10.3-2021.10.win32_1.0.200.202301161003/tools/bin/../lib/gcc/arm-none-eabi/10.3.1/thumb/v7-m/nofp/crtbegin.o

.ARM.extab      0x000000000800490c        0x0
                0x000000000800490c                . = ALIGN (0x4)
 *(.ARM.extab* .gnu.linkonce.armextab.*)
                0x000000000800490c                . = ALIGN (0x4)

.ARM            0x000000000800490c        0x0
                0x000000000800490c                . = ALIGN (0x4)
                0x000000000800490c                __exidx_start = .
 *(.ARM.exidx*)
                0x000000000800490c                __exidx_end = .
                0x000000000800490c                . = ALIGN (0x4)

.preinit_array  0x000000000800490c        0x0
                0x000000000800490c                . = ALIGN (0x4)
                0x000000000800490c                PROVIDE (__preinit_array_start = .)
 *(.preinit_array*)
                0x000000000800490c                PROVIDE (__preinit_array_end = .)
                0x000000000800490c                . = ALIGN (0x4)

.init_array     0x000000000800490c        0x4
                0x000000000800490c                . = ALIGN (0x4)
                0x000000000800490c                PROVIDE (__init_array_start = .)
 *(SORT_BY_NAME(.init_array.*))
 *(.init_array*)
 .init_array    0x000000000800490c        0x4 c:/st/stm32cubeide_1.12.1/stm32cubeide/plugins/com.st.stm32cube.ide.mcu.externaltools.gnu-tools-for-stm32.10.3-2021.10.win32_1.0.200.202301161003/tools/bin/../lib/gcc/arm-none-eabi/10.3.1/thumb/v7-m/nofp/crtbegin.o
                0x0000000008004910                PROVIDE (__init_array_end = .)
                0x0000000008004910                . = ALIGN (0x4)

.fini_array     0x0000000008004910        0x4
                0x0000000008004910                . = ALIGN (0x4)
                [!provide]                        PROVIDE (__fini_array_start = .)
 *(SORT_BY_NAME(.fini_array.*))
 *(.fini_array*)
 .fini_array    0x0000000008004910        0x4 c:/st/stm32cubeide_1.12.1/stm32cubeide/plugins/com.st.stm32cube.ide.mcu.externaltools.gnu-tools-for-stm32.10.3-2021.10.win32_1.0.200.202301161003/tools/bin/../lib/gcc/arm-none-eabi/10.3.1/thumb/v7-m/nofp/crtbegin.o
                [!provide]                        PROVIDE (__fini_array_end = .)
                0x0000000008004914                . = ALIGN (0x4)
                0x0000000008004914                _sidata = LOADADDR (.data)

.data           0x0000000020000000       0x40 load address 0x0000000008004914
                0x0000000020000000                . = ALIGN (0x4)
                0x0000000020000000                _sdata = .
 *(.data)
 *(.data*)
 .data.Lot      0x0000000020000000        0x9 ./Core/Src/LCD_def.o
                0x0000000020000000                Lot
 *fill*         0x0000000020000009        0x1 
 .data.calibrate
                0x000000002000000a        0x2 ./Core/Src/LCD_def.o
                0x000000002000000a                calibrate
 .data.mic_value
                0x000000002000000c       0x28 ./Core/Src/LCD_def.o
                0x000000002000000c                mic_value
 .data.SystemCoreClock
                0x0000000020000034        0x4 ./Core/Src/system_stm32f1xx.o
                0x0000000020000034                SystemCoreClock
 .data.uwTickPrio
                0x0000000020000038        0x4 ./Drivers/STM32F1xx_HAL_Driver/Src/stm32f1xx_hal.o
                0x0000000020000038                uwTickPrio
 .data.uwTickFreq
                0x000000002000003c        0x1 ./Drivers/STM32F1xx_HAL_Driver/Src/stm32f1xx_hal.o
                0x000000002000003c                uwTickFreq
 *(.RamFunc)
 *(.RamFunc*)
                0x0000000020000040                . = ALIGN (0x4)
 *fill*         0x000000002000003d        0x3 
                0x0000000020000040                _edata = .

.igot.plt       0x0000000020000040        0x0 load address 0x0000000008004954
 .igot.plt      0x0000000020000040        0x0 c:/st/stm32cubeide_1.12.1/stm32cubeide/plugins/com.st.stm32cube.ide.mcu.externaltools.gnu-tools-for-stm32.10.3-2021.10.win32_1.0.200.202301161003/tools/bin/../lib/gcc/arm-none-eabi/10.3.1/thumb/v7-m/nofp/crtbegin.o
                0x0000000020000040                . = ALIGN (0x4)

.bss            0x0000000020000040       0xb8 load address 0x0000000008004954
                0x0000000020000040                _sbss = .
                0x0000000020000040                __bss_start__ = _sbss
 *(.bss)
 .bss           0x0000000020000040       0x1c c:/st/stm32cubeide_1.12.1/stm32cubeide/plugins/com.st.stm32cube.ide.mcu.externaltools.gnu-tools-for-stm32.10.3-2021.10.win32_1.0.200.202301161003/tools/bin/../lib/gcc/arm-none-eabi/10.3.1/thumb/v7-m/nofp/crtbegin.o
 *(.bss*)
 .bss.lcd_count
                0x000000002000005c        0x1 ./Core/Src/LCD_def.o
                0x000000002000005c                lcd_count
 .bss.axis      0x000000002000005d        0x1 ./Core/Src/LCD_def.o
                0x000000002000005d                axis
 *fill*         0x000000002000005e        0x2 
 .bss.name      0x0000000020000060       0x15 ./Core/Src/LCD_def.o
                0x0000000020000060                name
 .bss.invert    0x0000000020000075        0x1 ./Core/Src/LCD_def.o
                0x0000000020000075                invert
 .bss.pos       0x0000000020000076        0x1 ./Core/Src/LCD_def.o
                0x0000000020000076                pos
 .bss.Menu      0x0000000020000077        0x1 ./Core/Src/LCD_def.o
                0x0000000020000077                Menu
 .bss.test      0x0000000020000078        0x2 ./Core/Src/LCD_def.o
                0x0000000020000078                test
 *fill*         0x000000002000007a        0x2 
 .bss.hadc1     0x000000002000007c       0x30 ./Core/Src/adc.o
                0x000000002000007c                hadc1
 .bss.huart1    0x00000000200000ac       0x48 ./Core/Src/usart.o
                0x00000000200000ac                huart1
 .bss.uwTick    0x00000000200000f4        0x4 ./Drivers/STM32F1xx_HAL_Driver/Src/stm32f1xx_hal.o
                0x00000000200000f4                uwTick
 *(COMMON)
                0x00000000200000f8                . = ALIGN (0x4)
                0x00000000200000f8                _ebss = .
                0x00000000200000f8                __bss_end__ = _ebss

._user_heap_stack
                0x00000000200000f8      0x600 load address 0x0000000008004954
                0x00000000200000f8                . = ALIGN (0x8)
                [!provide]                        PROVIDE (end = .)
                0x00000000200000f8                PROVIDE (_end = .)
                0x00000000200002f8                . = (. + _Min_Heap_Size)
 *fill*         0x00000000200000f8      0x200 
                0x00000000200006f8                . = (. + _Min_Stack_Size)
 *fill*         0x00000000200002f8      0x400 
                0x00000000200006f8                . = ALIGN (0x8)

/DISCARD/
 libc.a(*)
 libm.a(*)
 libgcc.a(*)

.ARM.attributes
                0x0000000000000000       0x29
 *(.ARM.attributes)
 .ARM.attributes
                0x0000000000000000       0x1d c:/st/stm32cubeide_1.12.1/stm32cubeide/plugins/com.st.stm32cube.ide.mcu.externaltools.gnu-tools-for-stm32.10.3-2021.10.win32_1.0.200.202301161003/tools/bin/../lib/gcc/arm-none-eabi/10.3.1/thumb/v7-m/nofp/crti.o
 .ARM.attributes
                0x000000000000001d       0x2d c:/st/stm32cubeide_1.12.1/stm32cubeide/plugins/com.st.stm32cube.ide.mcu.externaltools.gnu-tools-for-stm32.10.3-2021.10.win32_1.0.200.202301161003/tools/bin/../lib/gcc/arm-none-eabi/10.3.1/thumb/v7-m/nofp/crtbegin.o
 .ARM.attributes
                0x000000000000004a       0x2d ./Core/Src/LCD_def.o
 .ARM.attributes
                0x0000000000000077       0x2d ./Core/Src/Printer_Def.o
 .ARM.attributes
                0x00000000000000a4       0x2d ./Core/Src/adc.o
 .ARM.attributes
                0x00000000000000d1       0x2d ./Core/Src/gpio.o
 .ARM.attributes
                0x00000000000000fe       0x2d ./Core/Src/main.o
 .ARM.attributes
                0x000000000000012b       0x2d ./Core/Src/stm32f1xx_hal_msp.o
 .ARM.attributes
                0x0000000000000158       0x2d ./Core/Src/stm32f1xx_it.o
 .ARM.attributes
                0x0000000000000185       0x2d ./Core/Src/system_stm32f1xx.o
 .ARM.attributes
                0x00000000000001b2       0x2d ./Core/Src/usart.o
 .ARM.attributes
                0x00000000000001df       0x21 ./Core/Startup/startup_stm32f103c6tx.o
 .ARM.attributes
                0x0000000000000200       0x2d ./Drivers/STM32F1xx_HAL_Driver/Src/stm32f1xx_hal.o
 .ARM.attributes
                0x000000000000022d       0x2d ./Drivers/STM32F1xx_HAL_Driver/Src/stm32f1xx_hal_adc.o
 .ARM.attributes
                0x000000000000025a       0x2d ./Drivers/STM32F1xx_HAL_Driver/Src/stm32f1xx_hal_adc_ex.o
 .ARM.attributes
                0x0000000000000287       0x2d ./Drivers/STM32F1xx_HAL_Driver/Src/stm32f1xx_hal_cortex.o
 .ARM.attributes
                0x00000000000002b4       0x2d ./Drivers/STM32F1xx_HAL_Driver/Src/stm32f1xx_hal_gpio.o
 .ARM.attributes
                0x00000000000002e1       0x2d ./Drivers/STM32F1xx_HAL_Driver/Src/stm32f1xx_hal_rcc.o
 .ARM.attributes
                0x000000000000030e       0x2d ./Drivers/STM32F1xx_HAL_Driver/Src/stm32f1xx_hal_rcc_ex.o
 .ARM.attributes
                0x000000000000033b       0x2d ./Drivers/STM32F1xx_HAL_Driver/Src/stm32f1xx_hal_uart.o
 .ARM.attributes
                0x0000000000000368       0x2d c:/st/stm32cubeide_1.12.1/stm32cubeide/plugins/com.st.stm32cube.ide.mcu.externaltools.gnu-tools-for-stm32.10.3-2021.10.win32_1.0.200.202301161003/tools/bin/../lib/gcc/arm-none-eabi/10.3.1/../../../../arm-none-eabi/lib/thumb/v7-m/nofp\libc_nano.a(lib_a-init.o)
 .ARM.attributes
                0x0000000000000395       0x2d c:/st/stm32cubeide_1.12.1/stm32cubeide/plugins/com.st.stm32cube.ide.mcu.externaltools.gnu-tools-for-stm32.10.3-2021.10.win32_1.0.200.202301161003/tools/bin/../lib/gcc/arm-none-eabi/10.3.1/../../../../arm-none-eabi/lib/thumb/v7-m/nofp\libc_nano.a(lib_a-memset.o)
 .ARM.attributes
                0x00000000000003c2       0x17 c:/st/stm32cubeide_1.12.1/stm32cubeide/plugins/com.st.stm32cube.ide.mcu.externaltools.gnu-tools-for-stm32.10.3-2021.10.win32_1.0.200.202301161003/tools/bin/../lib/gcc/arm-none-eabi/10.3.1/../../../../arm-none-eabi/lib/thumb/v7-m/nofp\libc_nano.a(lib_a-strlen.o)
 .ARM.attributes
                0x00000000000003d9       0x1d c:/st/stm32cubeide_1.12.1/stm32cubeide/plugins/com.st.stm32cube.ide.mcu.externaltools.gnu-tools-for-stm32.10.3-2021.10.win32_1.0.200.202301161003/tools/bin/../lib/gcc/arm-none-eabi/10.3.1/thumb/v7-m/nofp\libgcc.a(_arm_addsubsf3.o)
 .ARM.attributes
                0x00000000000003f6       0x1d c:/st/stm32cubeide_1.12.1/stm32cubeide/plugins/com.st.stm32cube.ide.mcu.externaltools.gnu-tools-for-stm32.10.3-2021.10.win32_1.0.200.202301161003/tools/bin/../lib/gcc/arm-none-eabi/10.3.1/thumb/v7-m/nofp\libgcc.a(_arm_muldivsf3.o)
 .ARM.attributes
                0x0000000000000413       0x1d c:/st/stm32cubeide_1.12.1/stm32cubeide/plugins/com.st.stm32cube.ide.mcu.externaltools.gnu-tools-for-stm32.10.3-2021.10.win32_1.0.200.202301161003/tools/bin/../lib/gcc/arm-none-eabi/10.3.1/thumb/v7-m/nofp\libgcc.a(_arm_fixsfsi.o)
 .ARM.attributes
                0x0000000000000430       0x1d c:/st/stm32cubeide_1.12.1/stm32cubeide/plugins/com.st.stm32cube.ide.mcu.externaltools.gnu-tools-for-stm32.10.3-2021.10.win32_1.0.200.202301161003/tools/bin/../lib/gcc/arm-none-eabi/10.3.1/thumb/v7-m/nofp/crtn.o
OUTPUT(T6_Displlay.elf elf32-littlearm)
LOAD linker stubs
LOAD c:/st/stm32cubeide_1.12.1/stm32cubeide/plugins/com.st.stm32cube.ide.mcu.externaltools.gnu-tools-for-stm32.10.3-2021.10.win32_1.0.200.202301161003/tools/bin/../lib/gcc/arm-none-eabi/10.3.1/../../../../arm-none-eabi/lib/thumb/v7-m/nofp\libc.a
LOAD c:/st/stm32cubeide_1.12.1/stm32cubeide/plugins/com.st.stm32cube.ide.mcu.externaltools.gnu-tools-for-stm32.10.3-2021.10.win32_1.0.200.202301161003/tools/bin/../lib/gcc/arm-none-eabi/10.3.1/../../../../arm-none-eabi/lib/thumb/v7-m/nofp\libm.a
LOAD c:/st/stm32cubeide_1.12.1/stm32cubeide/plugins/com.st.stm32cube.ide.mcu.externaltools.gnu-tools-for-stm32.10.3-2021.10.win32_1.0.200.202301161003/tools/bin/../lib/gcc/arm-none-eabi/10.3.1/thumb/v7-m/nofp\libgcc.a

.debug_info     0x0000000000000000     0x9f54
 .debug_info    0x0000000000000000      0xf38 ./Core/Src/LCD_def.o
 .debug_info    0x0000000000000f38      0x655 ./Core/Src/Printer_Def.o
 .debug_info    0x000000000000158d      0x824 ./Core/Src/adc.o
 .debug_info    0x0000000000001db1      0x30b ./Core/Src/gpio.o
 .debug_info    0x00000000000020bc      0x33b ./Core/Src/main.o
 .debug_info    0x00000000000023f7      0x210 ./Core/Src/stm32f1xx_hal_msp.o
 .debug_info    0x0000000000002607      0x122 ./Core/Src/stm32f1xx_it.o
 .debug_info    0x0000000000002729      0x23d ./Core/Src/system_stm32f1xx.o
 .debug_info    0x0000000000002966      0x810 ./Core/Src/usart.o
 .debug_info    0x0000000000003176       0x22 ./Core/Startup/startup_stm32f103c6tx.o
 .debug_info    0x0000000000003198      0x716 ./Drivers/STM32F1xx_HAL_Driver/Src/stm32f1xx_hal.o
 .debug_info    0x00000000000038ae      0xcfe ./Drivers/STM32F1xx_HAL_Driver/Src/stm32f1xx_hal_adc.o
 .debug_info    0x00000000000045ac      0xa94 ./Drivers/STM32F1xx_HAL_Driver/Src/stm32f1xx_hal_adc_ex.o
 .debug_info    0x0000000000005040      0xb02 ./Drivers/STM32F1xx_HAL_Driver/Src/stm32f1xx_hal_cortex.o
 .debug_info    0x0000000000005b42      0x615 ./Drivers/STM32F1xx_HAL_Driver/Src/stm32f1xx_hal_gpio.o
 .debug_info    0x0000000000006157      0x865 ./Drivers/STM32F1xx_HAL_Driver/Src/stm32f1xx_hal_rcc.o
 .debug_info    0x00000000000069bc      0x3e6 ./Drivers/STM32F1xx_HAL_Driver/Src/stm32f1xx_hal_rcc_ex.o
 .debug_info    0x0000000000006da2     0x31b2 ./Drivers/STM32F1xx_HAL_Driver/Src/stm32f1xx_hal_uart.o

.debug_abbrev   0x0000000000000000     0x1fe6
 .debug_abbrev  0x0000000000000000      0x362 ./Core/Src/LCD_def.o
 .debug_abbrev  0x0000000000000362      0x182 ./Core/Src/Printer_Def.o
 .debug_abbrev  0x00000000000004e4      0x1ce ./Core/Src/adc.o
 .debug_abbrev  0x00000000000006b2      0x134 ./Core/Src/gpio.o
 .debug_abbrev  0x00000000000007e6      0x1a6 ./Core/Src/main.o
 .debug_abbrev  0x000000000000098c       0xd4 ./Core/Src/stm32f1xx_hal_msp.o
 .debug_abbrev  0x0000000000000a60       0x74 ./Core/Src/stm32f1xx_it.o
 .debug_abbrev  0x0000000000000ad4      0x13b ./Core/Src/system_stm32f1xx.o
 .debug_abbrev  0x0000000000000c0f      0x1d5 ./Core/Src/usart.o
 .debug_abbrev  0x0000000000000de4       0x12 ./Core/Startup/startup_stm32f103c6tx.o
 .debug_abbrev  0x0000000000000df6      0x1fb ./Drivers/STM32F1xx_HAL_Driver/Src/stm32f1xx_hal.o
 .debug_abbrev  0x0000000000000ff1      0x210 ./Drivers/STM32F1xx_HAL_Driver/Src/stm32f1xx_hal_adc.o
 .debug_abbrev  0x0000000000001201      0x234 ./Drivers/STM32F1xx_HAL_Driver/Src/stm32f1xx_hal_adc_ex.o
 .debug_abbrev  0x0000000000001435      0x2ed ./Drivers/STM32F1xx_HAL_Driver/Src/stm32f1xx_hal_cortex.o
 .debug_abbrev  0x0000000000001722      0x1bb ./Drivers/STM32F1xx_HAL_Driver/Src/stm32f1xx_hal_gpio.o
 .debug_abbrev  0x00000000000018dd      0x2a8 ./Drivers/STM32F1xx_HAL_Driver/Src/stm32f1xx_hal_rcc.o
 .debug_abbrev  0x0000000000001b85      0x182 ./Drivers/STM32F1xx_HAL_Driver/Src/stm32f1xx_hal_rcc_ex.o
 .debug_abbrev  0x0000000000001d07      0x2df ./Drivers/STM32F1xx_HAL_Driver/Src/stm32f1xx_hal_uart.o

.debug_aranges  0x0000000000000000      0x8e0
 .debug_aranges
                0x0000000000000000       0xc8 ./Core/Src/LCD_def.o
 .debug_aranges
                0x00000000000000c8       0x28 ./Core/Src/Printer_Def.o
 .debug_aranges
                0x00000000000000f0       0x30 ./Core/Src/adc.o
 .debug_aranges
                0x0000000000000120       0x20 ./Core/Src/gpio.o
 .debug_aranges
                0x0000000000000140       0x30 ./Core/Src/main.o
 .debug_aranges
                0x0000000000000170       0x20 ./Core/Src/stm32f1xx_hal_msp.o
 .debug_aranges
                0x0000000000000190       0x60 ./Core/Src/stm32f1xx_it.o
 .debug_aranges
                0x00000000000001f0       0x28 ./Core/Src/system_stm32f1xx.o
 .debug_aranges
                0x0000000000000218       0x30 ./Core/Src/usart.o
 .debug_aranges
                0x0000000000000248       0x28 ./Core/Startup/startup_stm32f103c6tx.o
 .debug_aranges
                0x0000000000000270       0xe0 ./Drivers/STM32F1xx_HAL_Driver/Src/stm32f1xx_hal.o
 .debug_aranges
                0x0000000000000350       0xf0 ./Drivers/STM32F1xx_HAL_Driver/Src/stm32f1xx_hal_adc.o
 .debug_aranges
                0x0000000000000440       0x80 ./Drivers/STM32F1xx_HAL_Driver/Src/stm32f1xx_hal_adc_ex.o
 .debug_aranges
                0x00000000000004c0      0x100 ./Drivers/STM32F1xx_HAL_Driver/Src/stm32f1xx_hal_cortex.o
 .debug_aranges
                0x00000000000005c0       0x58 ./Drivers/STM32F1xx_HAL_Driver/Src/stm32f1xx_hal_gpio.o
 .debug_aranges
                0x0000000000000618       0x90 ./Drivers/STM32F1xx_HAL_Driver/Src/stm32f1xx_hal_rcc.o
 .debug_aranges
                0x00000000000006a8       0x30 ./Drivers/STM32F1xx_HAL_Driver/Src/stm32f1xx_hal_rcc_ex.o
 .debug_aranges
                0x00000000000006d8      0x208 ./Drivers/STM32F1xx_HAL_Driver/Src/stm32f1xx_hal_uart.o

.debug_ranges   0x0000000000000000      0x7f8
 .debug_ranges  0x0000000000000000       0xb8 ./Core/Src/LCD_def.o
 .debug_ranges  0x00000000000000b8       0x18 ./Core/Src/Printer_Def.o
 .debug_ranges  0x00000000000000d0       0x20 ./Core/Src/adc.o
 .debug_ranges  0x00000000000000f0       0x10 ./Core/Src/gpio.o
 .debug_ranges  0x0000000000000100       0x20 ./Core/Src/main.o
 .debug_ranges  0x0000000000000120       0x10 ./Core/Src/stm32f1xx_hal_msp.o
 .debug_ranges  0x0000000000000130       0x50 ./Core/Src/stm32f1xx_it.o
 .debug_ranges  0x0000000000000180       0x18 ./Core/Src/system_stm32f1xx.o
 .debug_ranges  0x0000000000000198       0x20 ./Core/Src/usart.o
 .debug_ranges  0x00000000000001b8       0x20 ./Core/Startup/startup_stm32f103c6tx.o
 .debug_ranges  0x00000000000001d8       0xd0 ./Drivers/STM32F1xx_HAL_Driver/Src/stm32f1xx_hal.o
 .debug_ranges  0x00000000000002a8       0xe0 ./Drivers/STM32F1xx_HAL_Driver/Src/stm32f1xx_hal_adc.o
 .debug_ranges  0x0000000000000388       0x70 ./Drivers/STM32F1xx_HAL_Driver/Src/stm32f1xx_hal_adc_ex.o
 .debug_ranges  0x00000000000003f8       0xf0 ./Drivers/STM32F1xx_HAL_Driver/Src/stm32f1xx_hal_cortex.o
 .debug_ranges  0x00000000000004e8       0x48 ./Drivers/STM32F1xx_HAL_Driver/Src/stm32f1xx_hal_gpio.o
 .debug_ranges  0x0000000000000530       0x80 ./Drivers/STM32F1xx_HAL_Driver/Src/stm32f1xx_hal_rcc.o
 .debug_ranges  0x00000000000005b0       0x20 ./Drivers/STM32F1xx_HAL_Driver/Src/stm32f1xx_hal_rcc_ex.o
 .debug_ranges  0x00000000000005d0      0x228 ./Drivers/STM32F1xx_HAL_Driver/Src/stm32f1xx_hal_uart.o

.debug_macro    0x0000000000000000    0x17a64
 .debug_macro   0x0000000000000000      0x2b9 ./Core/Src/LCD_def.o
 .debug_macro   0x00000000000002b9      0xa6c ./Core/Src/LCD_def.o
 .debug_macro   0x0000000000000d25      0x221 ./Core/Src/LCD_def.o
 .debug_macro   0x0000000000000f46       0x2e ./Core/Src/LCD_def.o
 .debug_macro   0x0000000000000f74       0x22 ./Core/Src/LCD_def.o
 .debug_macro   0x0000000000000f96       0x22 ./Core/Src/LCD_def.o
 .debug_macro   0x0000000000000fb8       0x8e ./Core/Src/LCD_def.o
 .debug_macro   0x0000000000001046       0x51 ./Core/Src/LCD_def.o
 .debug_macro   0x0000000000001097      0x103 ./Core/Src/LCD_def.o
 .debug_macro   0x000000000000119a       0x6a ./Core/Src/LCD_def.o
 .debug_macro   0x0000000000001204      0x1df ./Core/Src/LCD_def.o
 .debug_macro   0x00000000000013e3       0x1c ./Core/Src/LCD_def.o
 .debug_macro   0x00000000000013ff       0x22 ./Core/Src/LCD_def.o
 .debug_macro   0x0000000000001421       0xbd ./Core/Src/LCD_def.o
 .debug_macro   0x00000000000014de      0xd23 ./Core/Src/LCD_def.o
 .debug_macro   0x0000000000002201     0xde75 ./Core/Src/LCD_def.o
 .debug_macro   0x0000000000010076       0x6d ./Core/Src/LCD_def.o
 .debug_macro   0x00000000000100e3     0x348d ./Core/Src/LCD_def.o
 .debug_macro   0x0000000000013570      0x174 ./Core/Src/LCD_def.o
 .debug_macro   0x00000000000136e4       0x5c ./Core/Src/LCD_def.o
 .debug_macro   0x0000000000013740      0x5bc ./Core/Src/LCD_def.o
 .debug_macro   0x0000000000013cfc      0x1b7 ./Core/Src/LCD_def.o
 .debug_macro   0x0000000000013eb3      0x1cb ./Core/Src/LCD_def.o
 .debug_macro   0x000000000001407e      0x114 ./Core/Src/LCD_def.o
 .debug_macro   0x0000000000014192      0x1b2 ./Core/Src/LCD_def.o
 .debug_macro   0x0000000000014344       0x27 ./Core/Src/LCD_def.o
 .debug_macro   0x000000000001436b      0x12f ./Core/Src/LCD_def.o
 .debug_macro   0x000000000001449a      0x1bc ./Core/Src/LCD_def.o
 .debug_macro   0x0000000000014656       0x34 ./Core/Src/LCD_def.o
 .debug_macro   0x000000000001468a       0x3c ./Core/Src/LCD_def.o
 .debug_macro   0x00000000000146c6       0x57 ./Core/Src/LCD_def.o
 .debug_macro   0x000000000001471d      0x46a ./Core/Src/LCD_def.o
 .debug_macro   0x0000000000014b87      0x1b5 ./Core/Src/LCD_def.o
 .debug_macro   0x0000000000014d3c       0x87 ./Core/Src/LCD_def.o
 .debug_macro   0x0000000000014dc3      0x183 ./Core/Src/LCD_def.o
 .debug_macro   0x0000000000014f46      0x287 ./Core/Src/LCD_def.o
 .debug_macro   0x00000000000151cd      0x140 ./Core/Src/LCD_def.o
 .debug_macro   0x000000000001530d      0x28e ./Core/Src/LCD_def.o
 .debug_macro   0x000000000001559b       0x69 ./Core/Src/LCD_def.o
 .debug_macro   0x0000000000015604       0x52 ./Core/Src/LCD_def.o
 .debug_macro   0x0000000000015656       0x18 ./Core/Src/LCD_def.o
 .debug_macro   0x000000000001566e       0x3c ./Core/Src/LCD_def.o
 .debug_macro   0x00000000000156aa       0x34 ./Core/Src/LCD_def.o
 .debug_macro   0x00000000000156de       0x16 ./Core/Src/LCD_def.o
 .debug_macro   0x00000000000156f4       0x43 ./Core/Src/LCD_def.o
 .debug_macro   0x0000000000015737       0x34 ./Core/Src/LCD_def.o
 .debug_macro   0x000000000001576b       0x10 ./Core/Src/LCD_def.o
 .debug_macro   0x000000000001577b       0x58 ./Core/Src/LCD_def.o
 .debug_macro   0x00000000000157d3       0x71 ./Core/Src/LCD_def.o
 .debug_macro   0x0000000000015844       0x1c ./Core/Src/LCD_def.o
 .debug_macro   0x0000000000015860      0x12a ./Core/Src/LCD_def.o
 .debug_macro   0x000000000001598a      0x341 ./Core/Src/LCD_def.o
 .debug_macro   0x0000000000015ccb       0x10 ./Core/Src/LCD_def.o
 .debug_macro   0x0000000000015cdb       0x35 ./Core/Src/LCD_def.o
 .debug_macro   0x0000000000015d10       0x20 ./Core/Src/LCD_def.o
 .debug_macro   0x0000000000015d30       0x22 ./Core/Src/LCD_def.o
 .debug_macro   0x0000000000015d52      0x1d2 ./Core/Src/Printer_Def.o
 .debug_macro   0x0000000000015f24      0x1be ./Core/Src/adc.o
 .debug_macro   0x00000000000160e2      0x1be ./Core/Src/gpio.o
 .debug_macro   0x00000000000162a0      0x2c9 ./Core/Src/main.o
 .debug_macro   0x0000000000016569      0x1b4 ./Core/Src/stm32f1xx_hal_msp.o
 .debug_macro   0x000000000001671d      0x1be ./Core/Src/stm32f1xx_it.o
 .debug_macro   0x00000000000168db      0x1aa ./Core/Src/system_stm32f1xx.o
 .debug_macro   0x0000000000016a85      0x1be ./Core/Src/usart.o
 .debug_macro   0x0000000000016c43      0x1ce ./Drivers/STM32F1xx_HAL_Driver/Src/stm32f1xx_hal.o
 .debug_macro   0x0000000000016e11      0x1c7 ./Drivers/STM32F1xx_HAL_Driver/Src/stm32f1xx_hal_adc.o
 .debug_macro   0x0000000000016fd8      0x1bc ./Drivers/STM32F1xx_HAL_Driver/Src/stm32f1xx_hal_adc_ex.o
 .debug_macro   0x0000000000017194      0x1aa ./Drivers/STM32F1xx_HAL_Driver/Src/stm32f1xx_hal_cortex.o
 .debug_macro   0x000000000001733e      0x215 ./Drivers/STM32F1xx_HAL_Driver/Src/stm32f1xx_hal_gpio.o
 .debug_macro   0x0000000000017553      0x1bc ./Drivers/STM32F1xx_HAL_Driver/Src/stm32f1xx_hal_rcc.o
 .debug_macro   0x000000000001770f      0x1aa ./Drivers/STM32F1xx_HAL_Driver/Src/stm32f1xx_hal_rcc_ex.o
 .debug_macro   0x00000000000178b9      0x1ab ./Drivers/STM32F1xx_HAL_Driver/Src/stm32f1xx_hal_uart.o

.debug_line     0x0000000000000000     0xc8b2
 .debug_line    0x0000000000000000     0x15d0 ./Core/Src/LCD_def.o
 .debug_line    0x00000000000015d0      0x6db ./Core/Src/Printer_Def.o
 .debug_line    0x0000000000001cab      0x700 ./Core/Src/adc.o
 .debug_line    0x00000000000023ab      0x6c6 ./Core/Src/gpio.o
 .debug_line    0x0000000000002a71      0x8aa ./Core/Src/main.o
 .debug_line    0x000000000000331b      0x691 ./Core/Src/stm32f1xx_hal_msp.o
 .debug_line    0x00000000000039ac      0x753 ./Core/Src/stm32f1xx_it.o
 .debug_line    0x00000000000040ff      0x70f ./Core/Src/system_stm32f1xx.o
 .debug_line    0x000000000000480e      0x700 ./Core/Src/usart.o
 .debug_line    0x0000000000004f0e       0x86 ./Core/Startup/startup_stm32f103c6tx.o
 .debug_line    0x0000000000004f94      0x93c ./Drivers/STM32F1xx_HAL_Driver/Src/stm32f1xx_hal.o
 .debug_line    0x00000000000058d0      0xfc1 ./Drivers/STM32F1xx_HAL_Driver/Src/stm32f1xx_hal_adc.o
 .debug_line    0x0000000000006891      0xd05 ./Drivers/STM32F1xx_HAL_Driver/Src/stm32f1xx_hal_adc_ex.o
 .debug_line    0x0000000000007596      0xb24 ./Drivers/STM32F1xx_HAL_Driver/Src/stm32f1xx_hal_cortex.o
 .debug_line    0x00000000000080ba      0x9c0 ./Drivers/STM32F1xx_HAL_Driver/Src/stm32f1xx_hal_gpio.o
 .debug_line    0x0000000000008a7a      0xd48 ./Drivers/STM32F1xx_HAL_Driver/Src/stm32f1xx_hal_rcc.o
 .debug_line    0x00000000000097c2      0x883 ./Drivers/STM32F1xx_HAL_Driver/Src/stm32f1xx_hal_rcc_ex.o
 .debug_line    0x000000000000a045     0x286d ./Drivers/STM32F1xx_HAL_Driver/Src/stm32f1xx_hal_uart.o

.debug_str      0x0000000000000000    0x859c9
 .debug_str     0x0000000000000000    0x837b3 ./Core/Src/LCD_def.o
                                      0x83bbd (size before relaxing)
 .debug_str     0x00000000000837b3      0x238 ./Core/Src/Printer_Def.o
                                      0x80b35 (size before relaxing)
 .debug_str     0x00000000000839eb      0x12b ./Core/Src/adc.o
                                      0x80b2a (size before relaxing)
 .debug_str     0x0000000000083b16       0x20 ./Core/Src/gpio.o
                                      0x80785 (size before relaxing)
 .debug_str     0x0000000000083b36      0x18c ./Core/Src/main.o
                                      0x837e8 (size before relaxing)
 .debug_str     0x0000000000083cc2       0x5a ./Core/Src/stm32f1xx_hal_msp.o
                                      0x8070d (size before relaxing)
 .debug_str     0x0000000000083d1c       0xc9 ./Core/Src/stm32f1xx_it.o
                                      0x80722 (size before relaxing)
 .debug_str     0x0000000000083de5       0x7e ./Core/Src/system_stm32f1xx.o
                                      0x80738 (size before relaxing)
 .debug_str     0x0000000000083e63       0x51 ./Core/Src/usart.o
                                      0x80bcd (size before relaxing)
 .debug_str     0x0000000000083eb4       0x36 ./Core/Startup/startup_stm32f103c6tx.o
                                         0x58 (size before relaxing)
 .debug_str     0x0000000000083eea      0x5cd ./Drivers/STM32F1xx_HAL_Driver/Src/stm32f1xx_hal.o
                                      0x80e31 (size before relaxing)
 .debug_str     0x00000000000844b7      0x35f ./Drivers/STM32F1xx_HAL_Driver/Src/stm32f1xx_hal_adc.o
                                      0x80e1c (size before relaxing)
 .debug_str     0x0000000000084816      0x2bc ./Drivers/STM32F1xx_HAL_Driver/Src/stm32f1xx_hal_adc_ex.o
                                      0x80dec (size before relaxing)
 .debug_str     0x0000000000084ad2      0x2bb ./Drivers/STM32F1xx_HAL_Driver/Src/stm32f1xx_hal_cortex.o
                                      0x80d7d (size before relaxing)
 .debug_str     0x0000000000084d8d      0x2d0 ./Drivers/STM32F1xx_HAL_Driver/Src/stm32f1xx_hal_gpio.o
                                      0x80abe (size before relaxing)
 .debug_str     0x000000000008505d      0x229 ./Drivers/STM32F1xx_HAL_Driver/Src/stm32f1xx_hal_rcc.o
                                      0x80b67 (size before relaxing)
 .debug_str     0x0000000000085286      0x110 ./Drivers/STM32F1xx_HAL_Driver/Src/stm32f1xx_hal_rcc_ex.o
                                      0x808b7 (size before relaxing)
 .debug_str     0x0000000000085396      0x633 ./Drivers/STM32F1xx_HAL_Driver/Src/stm32f1xx_hal_uart.o
                                      0x811d8 (size before relaxing)

.comment        0x0000000000000000       0x50
 .comment       0x0000000000000000       0x50 ./Core/Src/LCD_def.o
                                         0x51 (size before relaxing)
 .comment       0x0000000000000050       0x51 ./Core/Src/Printer_Def.o
 .comment       0x0000000000000050       0x51 ./Core/Src/adc.o
 .comment       0x0000000000000050       0x51 ./Core/Src/gpio.o
 .comment       0x0000000000000050       0x51 ./Core/Src/main.o
 .comment       0x0000000000000050       0x51 ./Core/Src/stm32f1xx_hal_msp.o
 .comment       0x0000000000000050       0x51 ./Core/Src/stm32f1xx_it.o
 .comment       0x0000000000000050       0x51 ./Core/Src/system_stm32f1xx.o
 .comment       0x0000000000000050       0x51 ./Core/Src/usart.o
 .comment       0x0000000000000050       0x51 ./Drivers/STM32F1xx_HAL_Driver/Src/stm32f1xx_hal.o
 .comment       0x0000000000000050       0x51 ./Drivers/STM32F1xx_HAL_Driver/Src/stm32f1xx_hal_adc.o
 .comment       0x0000000000000050       0x51 ./Drivers/STM32F1xx_HAL_Driver/Src/stm32f1xx_hal_adc_ex.o
 .comment       0x0000000000000050       0x51 ./Drivers/STM32F1xx_HAL_Driver/Src/stm32f1xx_hal_cortex.o
 .comment       0x0000000000000050       0x51 ./Drivers/STM32F1xx_HAL_Driver/Src/stm32f1xx_hal_gpio.o
 .comment       0x0000000000000050       0x51 ./Drivers/STM32F1xx_HAL_Driver/Src/stm32f1xx_hal_rcc.o
 .comment       0x0000000000000050       0x51 ./Drivers/STM32F1xx_HAL_Driver/Src/stm32f1xx_hal_rcc_ex.o
 .comment       0x0000000000000050       0x51 ./Drivers/STM32F1xx_HAL_Driver/Src/stm32f1xx_hal_uart.o

.debug_frame    0x0000000000000000     0x2220
 .debug_frame   0x0000000000000000      0x324 ./Core/Src/LCD_def.o
 .debug_frame   0x0000000000000324       0x58 ./Core/Src/Printer_Def.o
 .debug_frame   0x000000000000037c       0x7c ./Core/Src/adc.o
 .debug_frame   0x00000000000003f8       0x34 ./Core/Src/gpio.o
 .debug_frame   0x000000000000042c       0x68 ./Core/Src/main.o
 .debug_frame   0x0000000000000494       0x38 ./Core/Src/stm32f1xx_hal_msp.o
 .debug_frame   0x00000000000004cc      0x104 ./Core/Src/stm32f1xx_it.o
 .debug_frame   0x00000000000005d0       0x58 ./Core/Src/system_stm32f1xx.o
 .debug_frame   0x0000000000000628       0x74 ./Core/Src/usart.o
 .debug_frame   0x000000000000069c      0x334 ./Drivers/STM32F1xx_HAL_Driver/Src/stm32f1xx_hal.o
 .debug_frame   0x00000000000009d0      0x40c ./Drivers/STM32F1xx_HAL_Driver/Src/stm32f1xx_hal_adc.o
 .debug_frame   0x0000000000000ddc      0x200 ./Drivers/STM32F1xx_HAL_Driver/Src/stm32f1xx_hal_adc_ex.o
 .debug_frame   0x0000000000000fdc      0x428 ./Drivers/STM32F1xx_HAL_Driver/Src/stm32f1xx_hal_cortex.o
 .debug_frame   0x0000000000001404      0x14c ./Drivers/STM32F1xx_HAL_Driver/Src/stm32f1xx_hal_gpio.o
 .debug_frame   0x0000000000001550      0x218 ./Drivers/STM32F1xx_HAL_Driver/Src/stm32f1xx_hal_rcc.o
 .debug_frame   0x0000000000001768       0x80 ./Drivers/STM32F1xx_HAL_Driver/Src/stm32f1xx_hal_rcc_ex.o
 .debug_frame   0x00000000000017e8      0x944 ./Drivers/STM32F1xx_HAL_Driver/Src/stm32f1xx_hal_uart.o
 .debug_frame   0x000000000000212c       0x2c c:/st/stm32cubeide_1.12.1/stm32cubeide/plugins/com.st.stm32cube.ide.mcu.externaltools.gnu-tools-for-stm32.10.3-2021.10.win32_1.0.200.202301161003/tools/bin/../lib/gcc/arm-none-eabi/10.3.1/../../../../arm-none-eabi/lib/thumb/v7-m/nofp\libc_nano.a(lib_a-init.o)
 .debug_frame   0x0000000000002158       0x20 c:/st/stm32cubeide_1.12.1/stm32cubeide/plugins/com.st.stm32cube.ide.mcu.externaltools.gnu-tools-for-stm32.10.3-2021.10.win32_1.0.200.202301161003/tools/bin/../lib/gcc/arm-none-eabi/10.3.1/../../../../arm-none-eabi/lib/thumb/v7-m/nofp\libc_nano.a(lib_a-memset.o)
 .debug_frame   0x0000000000002178       0x4c c:/st/stm32cubeide_1.12.1/stm32cubeide/plugins/com.st.stm32cube.ide.mcu.externaltools.gnu-tools-for-stm32.10.3-2021.10.win32_1.0.200.202301161003/tools/bin/../lib/gcc/arm-none-eabi/10.3.1/thumb/v7-m/nofp\libgcc.a(_arm_addsubsf3.o)
 .debug_frame   0x00000000000021c4       0x38 c:/st/stm32cubeide_1.12.1/stm32cubeide/plugins/com.st.stm32cube.ide.mcu.externaltools.gnu-tools-for-stm32.10.3-2021.10.win32_1.0.200.202301161003/tools/bin/../lib/gcc/arm-none-eabi/10.3.1/thumb/v7-m/nofp\libgcc.a(_arm_muldivsf3.o)
 .debug_frame   0x00000000000021fc       0x24 c:/st/stm32cubeide_1.12.1/stm32cubeide/plugins/com.st.stm32cube.ide.mcu.externaltools.gnu-tools-for-stm32.10.3-2021.10.win32_1.0.200.202301161003/tools/bin/../lib/gcc/arm-none-eabi/10.3.1/thumb/v7-m/nofp\libgcc.a(_arm_fixsfsi.o)
