../Core/Src/LCD_def.c:89:6:Glcd	8	static
../Core/Src/LCD_def.c:112:6:LCD_Init	0	static
../Core/Src/LCD_def.c:117:6:Clear	16	static
../Core/Src/LCD_def.c:131:6:SetCursor	16	static
../Core/Src/LCD_def.c:149:6:loop	24	static
../Core/Src/LCD_def.c:171:6:Print	24	static
../Core/Src/LCD_def.c:204:5:Power	0	static
../Core/Src/LCD_def.c:212:6:Number	48	static
../Core/Src/LCD_def.c:268:6:Move	24	static
../Core/Src/LCD_def.c:290:6:lot	32	static
../Core/Src/LCD_def.c:378:6:Name	40	static
../Core/Src/LCD_def.c:471:6:Blink	8	static
../Core/Src/LCD_def.c:481:6:Result	32	static
../Core/Src/LCD_def.c:514:6:printer	32	static
../Core/Src/LCD_def.c:685:6:Blank	16	static
../Core/Src/LCD_def.c:671:6:Delete	8	static
../Core/Src/LCD_def.c:707:6:Test_Mode	8	static
../Core/Src/LCD_def.c:555:6:start_up	24	static
