../Core/Src/LCD_def.c:93:6:Glcd	16	static
../Core/Src/LCD_def.c:116:6:LCD_Init	8	static
../Core/Src/LCD_def.c:121:6:Clear	16	static
../Core/Src/LCD_def.c:135:6:SetCursor	16	static
../Core/Src/LCD_def.c:153:6:loop	24	static
../Core/Src/LCD_def.c:187:6:Print	16	static
../Core/Src/LCD_def.c:227:5:Power	24	static
../Core/Src/LCD_def.c:235:6:Number	40	static
../Core/Src/LCD_def.c:275:6:Move	24	static
../Core/Src/LCD_def.c:297:6:Cursor	16	static
../Core/Src/LCD_def.c:310:6:lot	16	static
../Core/Src/LCD_def.c:401:6:Name	16	static
../Core/Src/LCD_def.c:498:6:Blink	16	static
../Core/Src/LCD_def.c:516:6:Result	16	static
../Core/Src/LCD_def.c:547:6:printer	16	static
../Core/Src/LCD_def.c:582:6:Password	16	static
../Core/Src/LCD_def.c:706:6:start_up	40	static
../Core/Src/LCD_def.c:841:6:Delete	8	static
../Core/Src/LCD_def.c:855:6:Blank	16	static
../Core/Src/LCD_def.c:875:6:Test_Mode	8	static
../Core/Src/LCD_def.c:887:6:Mic_conversition	32	static
../Core/Src/LCD_def.c:897:6:Conversition	16	static
